// Jest Snapshot v1, https://goo.gl/fbAQLP

exports[`src > components > Sample.js renders without crashing 1`] = `
<React.Fragment>
  <TabNavigation
    activeTab="tab1"
    toggleTab={[Function]}
  />
  <TabContent
    activeTab="tab1"
  />
</React.Fragment>
`;
