// Jest Snapshot v1, https://goo.gl/fbAQLP

exports[`App renders without crashing 1`] = `
<div
  className="App"
>
  <Container
    tag="div"
  >
    <Row
      tag="div"
    >
      <Col
        tag="div"
        widths={
          Array [
            "xs",
            "sm",
            "md",
            "lg",
            "xl",
          ]
        }
        xs="12"
      >
        <Tabs />
      </Col>
    </Row>
  </Container>
</div>
`;
