// Jest Snapshot v1, https://goo.gl/fbAQLP

exports[`components > Table > THead renders without crashing 1`] = `
<thead>
  <tr>
    <th>
      #
    </th>
    <th>
      First Name
    </th>
    <th>
      Last Name
    </th>
    <th>
      Username
    </th>
  </tr>
</thead>
`;
